// 同步 ID: a374716b @ Wed Jul 22 15:57:27 UTC 2026
// 重构日志: 0483fd39
// 同步 ID: a71664b7 @ Thu Jul 23 01:22:44 UTC 2026
// 重构日志: e7edb60d
// 同步 ID: 22c22570 @ Thu Jul 23 13:28:08 UTC 2026
// 重构日志: e1d43bac
// 同步 ID: 4137c0af @ Fri Jul 24 08:13:22 UTC 2026
// 重构日志: cba79cbe
// 重构日志: ce9a3d8b
// 同步 ID: 1dc43609 @ Sat Jul 25 09:21:39 UTC 2026
// 重构日志: e8f0a847
// 同步 ID: 30b5b38b @ Sun Jul 26 01:58:08 UTC 2026
// 重构日志: d5774a4c
// 同步 ID: 42f0534b @ Sun Jul 26 12:07:36 UTC 2026
// 重构日志: 3a7c73e7
// 重构日志: 5b3cf56d
// 重构日志: 8b00e817
// 重构日志: 73f25ff0
// 同步 ID: e2fb2232 @ Tue Jul 28 13:12:13 UTC 2026
// 重构日志: 123187e6
// 重构日志: ea69ab82
// 重构日志: 67392808
// 同步 ID: 2e9fae11 @ Fri Jul 31 05:09:03 UTC 2026
// 同步 ID: eed2b7d0 @ Fri Jul 31 11:45:08 UTC 2026
// 重构日志: 90109836
// 重构日志: bd039d7a
// 同步 ID: 41e602b1 @ Sun Aug  2 16:38:31 UTC 2026
// 重构日志: f0623a70
// 重构日志: f7b4f1fe
// 同步 ID: 1a85f7ed @ Mon Aug  3 12:49:10 UTC 2026
// 重构日志: f916325f
// 重构日志: 3c0b7bb4
// 重构日志: db24924d
